current directory: /Users/mac/Documents/ListAndSell/vendor/bundle/ruby/3.3.0/gems/json-2.18.0/ext/json/ext/parser
/Users/mac/.rbenv/versions/3.3.5/bin/ruby extconf.rb
checking for rb_enc_interned_str() in ruby/encoding.h... yes
checking for rb_str_to_interned_str() in ruby.h... yes
checking for rb_hash_new_capa() in ruby.h... yes
checking for rb_hash_bulk_insert() in ruby.h... yes
checking for whether -std=c99 is accepted as CFLAGS... yes
checking for x86intrin.h... yes
checking for cpuid.h... yes
creating Makefile

current directory: /Users/mac/Documents/ListAndSell/vendor/bundle/ruby/3.3.0/gems/json-2.18.0/ext/json/ext/parser
make DESTDIR\= sitearchdir\=./.gem.20260109-4028-yjcdo sitelibdir\=./.gem.20260109-4028-yjcdo clean

current directory: /Users/mac/Documents/ListAndSell/vendor/bundle/ruby/3.3.0/gems/json-2.18.0/ext/json/ext/parser
make DESTDIR\= sitearchdir\=./.gem.20260109-4028-yjcdo sitelibdir\=./.gem.20260109-4028-yjcdo
compiling parser.c
linking shared-object json/ext/parser.bundle

current directory: /Users/mac/Documents/ListAndSell/vendor/bundle/ruby/3.3.0/gems/json-2.18.0/ext/json/ext/parser
make DESTDIR\= sitearchdir\=./.gem.20260109-4028-yjcdo sitelibdir\=./.gem.20260109-4028-yjcdo install
/usr/bin/install -c -m 0755 parser.bundle ./.gem.20260109-4028-yjcdo/json/ext

current directory: /Users/mac/Documents/ListAndSell/vendor/bundle/ruby/3.3.0/gems/json-2.18.0/ext/json/ext/parser
make DESTDIR\= sitearchdir\=./.gem.20260109-4028-yjcdo sitelibdir\=./.gem.20260109-4028-yjcdo clean
